// Jest Snapshot v1, https://goo.gl/fbAQLP

exports[`Tests for NotFound component Should rendering without crash 1`] = `
<section
  className="hero is-danger"
  style={Object {}}
>
  <div
    className="hero-body"
    style={Object {}}
  >
    <div
      className="container"
      style={Object {}}
    >
      <h1
        className="title"
        style={Object {}}
      >
        Page not found
      </h1>
      <h2
        className="subtitle is-4"
        style={Object {}}
      >
        The URL doesn't match with none component, check if it is corret or try access another one
      </h2>
      <a>
        buttons.backHome
      </a>
    </div>
  </div>
</section>
`;
